Archive member included to satisfy reference by file (symbol)

C:/ST/STM32CubeIDE_1.16.1/STM32CubeIDE/plugins/com.st.stm32cube.ide.mcu.externaltools.gnu-tools-for-stm32.12.3.rel1.win32_1.1.0.202410251130/tools/bin/../lib/gcc/arm-none-eabi/12.3.1/../../../../arm-none-eabi/lib/thumb/v7-m/nofp\libc_nano.a(libc_a-exit.o)
                              C:/ST/STM32CubeIDE_1.16.1/STM32CubeIDE/plugins/com.st.stm32cube.ide.mcu.externaltools.gnu-tools-for-stm32.12.3.rel1.win32_1.1.0.202410251130/tools/bin/../lib/gcc/arm-none-eabi/12.3.1/../../../../arm-none-eabi/lib/thumb/v7-m/nofp/crt0.o (exit)
C:/ST/STM32CubeIDE_1.16.1/STM32CubeIDE/plugins/com.st.stm32cube.ide.mcu.externaltools.gnu-tools-for-stm32.12.3.rel1.win32_1.1.0.202410251130/tools/bin/../lib/gcc/arm-none-eabi/12.3.1/../../../../arm-none-eabi/lib/thumb/v7-m/nofp\libc_nano.a(libc_a-findfp.o)
                              C:/ST/STM32CubeIDE_1.16.1/STM32CubeIDE/plugins/com.st.stm32cube.ide.mcu.externaltools.gnu-tools-for-stm32.12.3.rel1.win32_1.1.0.202410251130/tools/bin/../lib/gcc/arm-none-eabi/12.3.1/../../../../arm-none-eabi/lib/thumb/v7-m/nofp\libc_nano.a(libc_a-exit.o) (__stdio_exit_handler)
C:/ST/STM32CubeIDE_1.16.1/STM32CubeIDE/plugins/com.st.stm32cube.ide.mcu.externaltools.gnu-tools-for-stm32.12.3.rel1.win32_1.1.0.202410251130/tools/bin/../lib/gcc/arm-none-eabi/12.3.1/../../../../arm-none-eabi/lib/thumb/v7-m/nofp\libc_nano.a(libc_a-fwalk.o)
                              C:/ST/STM32CubeIDE_1.16.1/STM32CubeIDE/plugins/com.st.stm32cube.ide.mcu.externaltools.gnu-tools-for-stm32.12.3.rel1.win32_1.1.0.202410251130/tools/bin/../lib/gcc/arm-none-eabi/12.3.1/../../../../arm-none-eabi/lib/thumb/v7-m/nofp\libc_nano.a(libc_a-findfp.o) (_fwalk_sglue)
C:/ST/STM32CubeIDE_1.16.1/STM32CubeIDE/plugins/com.st.stm32cube.ide.mcu.externaltools.gnu-tools-for-stm32.12.3.rel1.win32_1.1.0.202410251130/tools/bin/../lib/gcc/arm-none-eabi/12.3.1/../../../../arm-none-eabi/lib/thumb/v7-m/nofp\libc_nano.a(libc_a-stdio.o)
                              C:/ST/STM32CubeIDE_1.16.1/STM32CubeIDE/plugins/com.st.stm32cube.ide.mcu.externaltools.gnu-tools-for-stm32.12.3.rel1.win32_1.1.0.202410251130/tools/bin/../lib/gcc/arm-none-eabi/12.3.1/../../../../arm-none-eabi/lib/thumb/v7-m/nofp\libc_nano.a(libc_a-findfp.o) (__sread)
C:/ST/STM32CubeIDE_1.16.1/STM32CubeIDE/plugins/com.st.stm32cube.ide.mcu.externaltools.gnu-tools-for-stm32.12.3.rel1.win32_1.1.0.202410251130/tools/bin/../lib/gcc/arm-none-eabi/12.3.1/../../../../arm-none-eabi/lib/thumb/v7-m/nofp\libc_nano.a(libc_a-memset.o)
                              C:/ST/STM32CubeIDE_1.16.1/STM32CubeIDE/plugins/com.st.stm32cube.ide.mcu.externaltools.gnu-tools-for-stm32.12.3.rel1.win32_1.1.0.202410251130/tools/bin/../lib/gcc/arm-none-eabi/12.3.1/../../../../arm-none-eabi/lib/thumb/v7-m/nofp/crt0.o (memset)
C:/ST/STM32CubeIDE_1.16.1/STM32CubeIDE/plugins/com.st.stm32cube.ide.mcu.externaltools.gnu-tools-for-stm32.12.3.rel1.win32_1.1.0.202410251130/tools/bin/../lib/gcc/arm-none-eabi/12.3.1/../../../../arm-none-eabi/lib/thumb/v7-m/nofp\libc_nano.a(libc_a-closer.o)
                              C:/ST/STM32CubeIDE_1.16.1/STM32CubeIDE/plugins/com.st.stm32cube.ide.mcu.externaltools.gnu-tools-for-stm32.12.3.rel1.win32_1.1.0.202410251130/tools/bin/../lib/gcc/arm-none-eabi/12.3.1/../../../../arm-none-eabi/lib/thumb/v7-m/nofp\libc_nano.a(libc_a-stdio.o) (_close_r)
C:/ST/STM32CubeIDE_1.16.1/STM32CubeIDE/plugins/com.st.stm32cube.ide.mcu.externaltools.gnu-tools-for-stm32.12.3.rel1.win32_1.1.0.202410251130/tools/bin/../lib/gcc/arm-none-eabi/12.3.1/../../../../arm-none-eabi/lib/thumb/v7-m/nofp\libc_nano.a(libc_a-reent.o)
                              C:/ST/STM32CubeIDE_1.16.1/STM32CubeIDE/plugins/com.st.stm32cube.ide.mcu.externaltools.gnu-tools-for-stm32.12.3.rel1.win32_1.1.0.202410251130/tools/bin/../lib/gcc/arm-none-eabi/12.3.1/../../../../arm-none-eabi/lib/thumb/v7-m/nofp\libc_nano.a(libc_a-closer.o) (errno)
C:/ST/STM32CubeIDE_1.16.1/STM32CubeIDE/plugins/com.st.stm32cube.ide.mcu.externaltools.gnu-tools-for-stm32.12.3.rel1.win32_1.1.0.202410251130/tools/bin/../lib/gcc/arm-none-eabi/12.3.1/../../../../arm-none-eabi/lib/thumb/v7-m/nofp\libc_nano.a(libc_a-impure.o)
                              C:/ST/STM32CubeIDE_1.16.1/STM32CubeIDE/plugins/com.st.stm32cube.ide.mcu.externaltools.gnu-tools-for-stm32.12.3.rel1.win32_1.1.0.202410251130/tools/bin/../lib/gcc/arm-none-eabi/12.3.1/../../../../arm-none-eabi/lib/thumb/v7-m/nofp\libc_nano.a(libc_a-reent.o) (_impure_ptr)
C:/ST/STM32CubeIDE_1.16.1/STM32CubeIDE/plugins/com.st.stm32cube.ide.mcu.externaltools.gnu-tools-for-stm32.12.3.rel1.win32_1.1.0.202410251130/tools/bin/../lib/gcc/arm-none-eabi/12.3.1/../../../../arm-none-eabi/lib/thumb/v7-m/nofp\libc_nano.a(libc_a-lseekr.o)
[...]
Memory Configuration

Name             Origin             Length             Attributes
RAM              0x20000000         0x00005000         xrw
FLASH            0x08000000         0x00020000         xr
*default*        0x00000000         0xffffffff

Linker script and memory map

LOAD C:/ST/STM32CubeIDE_1.16.1/STM32CubeIDE/plugins/com.st.stm32cube.ide.mcu.externaltools.gnu-tools-for-stm32.12.3.rel1.win32_1.1.0.202410251130/tools/bin/../lib/gcc/arm-none-eabi/12.3.1/thumb/v7-m/nofp/crti.o
LOAD C:/ST/STM32CubeIDE_1.16.1/STM32CubeIDE/plugins/com.st.stm32cube.ide.mcu.externaltools.gnu-tools-for-stm32.12.3.rel1.win32_1.1.0.202410251130/tools/bin/../lib/gcc/arm-none-eabi/12.3.1/thumb/v7-m/nofp/crtbegin.o
LOAD C:/ST/STM32CubeIDE_1.16.1/STM32CubeIDE/plugins/com.st.stm32cube.ide.mcu.externaltools.gnu-tools-for-stm32.12.3.rel1.win32_1.1.0.202410251130/tools/bin/../lib/gcc/arm-none-eabi/12.3.1/../../../../arm-none-eabi/lib/thumb/v7-m/nofp/crt0.o
LOAD ./Core/Src/button.o
LOAD ./Core/Src/lcd_i2c.o
LOAD ./Core/Src/led_output.o
LOAD ./Core/Src/main.o
LOAD ./Core/Src/software_timer.o
LOAD ./Core/Src/stm32f1xx_hal_msp.o
LOAD ./Core/Src/stm32f1xx_it.o
LOAD ./Core/Src/syscalls.o
LOAD ./Core/Src/sysmem.o
LOAD ./Core/Src/system_stm32f1xx.o
LOAD ./Core/Startup/startup_stm32f103rbtx.o
LOAD ./Drivers/STM32F1xx_HAL_Driver/Src/stm32f1xx_hal.o
LOAD ./Drivers/STM32F1xx_HAL_Driver/Src/stm32f1xx_hal_cortex.o
LOAD ./Drivers/STM32F1xx_HAL_Driver/Src/stm32f1xx_hal_dma.o
LOAD ./Drivers/STM32F1xx_HAL_Driver/Src/stm32f1xx_hal_exti.o
LOAD ./Drivers/STM32F1xx_HAL_Driver/Src/stm32f1xx_hal_flash.o
LOAD ./Drivers/STM32F1xx_HAL_Driver/Src/stm32f1xx_hal_flash_ex.o
LOAD ./Drivers/STM32F1xx_HAL_Driver/Src/stm32f1xx_hal_gpio.o
LOAD ./Drivers/STM32F1xx_HAL_Driver/Src/stm32f1xx_hal_gpio_ex.o
LOAD ./Drivers/STM32F1xx_HAL_Driver/Src/stm32f1xx_hal_i2c.o
LOAD ./Drivers/STM32F1xx_HAL_Driver/Src/stm32f1xx_hal_pwr.o
LOAD ./Drivers/STM32F1xx_HAL_Driver/Src/stm32f1xx_hal_rcc.o
LOAD ./Drivers/STM32F1xx_HAL_Driver/Src/stm32f1xx_hal_rcc_ex.o
LOAD ./Drivers/STM32F1xx_HAL_Driver/Src/stm32f1xx_hal_tim.o
LOAD ./Drivers/STM32F1xx_HAL_Driver/Src/stm32f1xx_hal_tim_ex.o
START GROUP
LOAD C:/ST/STM32CubeIDE_1.16.1/STM32CubeIDE/plugins/com.st.stm32cube.ide.mcu.externaltools.gnu-tools-for-stm32.12.3.rel1.win32_1.1.0.202410251130/tools/bin/../lib/gcc/arm-none-eabi/12.3.1/../../../../arm-none-eabi/lib/thumb/v7-m/nofp\libc_nano.a
LOAD C:/ST/STM32CubeIDE_1.16.1/STM32CubeIDE/plugins/com.st.stm32cube.ide.mcu.externaltools.gnu-tools-for-stm32.12.3.rel1.win32_1.1.0.202410251130/tools/bin/../lib/gcc/arm-none-eabi/12.3.1/../../../../arm-none-eabi/lib/thumb/v7-m/nofp\libm.a
END GROUP
START GROUP
LOAD C:/ST/STM32CubeIDE_1.16.1/STM32CubeIDE/plugins/com.st.stm32cube.ide.mcu.externaltools.gnu-tools-for-stm32.12.3.rel1.win32_1.1.0.202410251130/tools/bin/../lib/gcc/arm-none-eabi/12.3.1/thumb/v7-m/nofp\libgcc.a
LOAD C:/ST/STM32CubeIDE_1.16.1/STM32CubeIDE/plugins/com.st.stm32cube.ide.mcu.externaltools.gnu-tools-for-stm32.12.3.rel1.win32_1.1.0.202410251130/tools/bin/../lib/gcc/arm-none-eabi/12.3.1/../../../../arm-none-eabi/lib/thumb/v7-m/nofp\libc_nano.a
END GROUP
START GROUP
LOAD C:/ST/STM32CubeIDE_1.16.1/STM32CubeIDE/plugins/com.st.stm32cube.ide.mcu.externaltools.gnu-tools-for-stm32.12.3.rel1.win32_1.1.0.202410251130/tools/bin/../lib/gcc/arm-none-eabi/12.3.1/thumb/v7-m/nofp\libgcc.a
LOAD C:/ST/STM32CubeIDE_1.16.1/STM32CubeIDE/plugins/com.st.stm32cube.ide.mcu.externaltools.gnu-tools-for-stm32.12.3.rel1.win32_1.1.0.202410251130/tools/bin/../lib/gcc/arm-none-eabi/12.3.1/../../../../arm-none-eabi/lib/thumb/v7-m/nofp\libc_nano.a
LOAD C:/ST/STM32CubeIDE_1.16.1/STM32CubeIDE/plugins/com.st.stm32cube.ide.mcu.externaltools.gnu-tools-for-stm32.12.3.rel1.win32_1.1.0.202410251130/tools/bin/../lib/gcc/arm-none-eabi/12.3.1/../../../../arm-none-eabi/lib/thumb/v7-m/nofp\libnosys.a
END GROUP
START GROUP
LOAD C:/ST/STM32CubeIDE_1.16.1/STM32CubeIDE/plugins/com.st.stm32cube.ide.mcu.externaltools.gnu-tools-for-stm32.12.3.rel1.win32_1.1.0.202410251130/tools/bin/../lib/gcc/arm-none-eabi/12.3.1/thumb/v7-m/nofp\libgcc.a
LOAD C:/ST/STM32CubeIDE_1.16.1/STM32CubeIDE/plugins/com.st.stm32cube.ide.mcu.externaltools.gnu-tools-for-stm32.12.3.rel1.win32_1.1.0.202410251130/tools/bin/../lib/gcc/arm-none-eabi/12.3.1/../../../../arm-none-eabi/lib/thumb/v7-m/nofp\libc_nano.a
LOAD C:/ST/STM32CubeIDE_1.16.1/STM32CubeIDE/plugins/com.st.stm32cube.ide.mcu.externaltools.gnu-tools-for-stm32.12.3.rel1.win32_1.1.0.202410251130/tools/bin/../lib/gcc/arm-none-eabi/12.3.1/../../../../arm-none-eabi/lib/thumb/v7-m/nofp\libnosys.a
END GROUP
LOAD C:/ST/STM32CubeIDE_1.16.1/STM32CubeIDE/plugins/com.st.stm32cube.ide.mcu.externaltools.gnu-tools-for-stm32.12.3.rel1.win32_1.1.0.202410251130/tools/bin/../lib/gcc/arm-none-eabi/12.3.1/thumb/v7-m/nofp/crtend.o
LOAD C:/ST/STM32CubeIDE_1.16.1/STM32CubeIDE/plugins/com.st.stm32cube.ide.mcu.externaltools.gnu-tools-for-stm32.12.3.rel1.win32_1.1.0.202410251130/tools/bin/../lib/gcc/arm-none-eabi/12.3.1/thumb/v7-m/nofp/crtn.o
                0x20005000                        _estack = (ORIGIN (RAM) + LENGTH (RAM))
                0x00000200                        _Min_Heap_Size = 0x200
                0x00000400                        _Min_Stack_Size = 0x400

.isr_vector     0x08000000      0x10c
                0x08000000                        . = ALIGN (0x4)
 *(.isr_vector)
 .isr_vector    0x08000000      0x10c ./Core/Startup/startup_stm32f103rbtx.o
                0x08000000                g_pfnVectors
                0x0800010c                        . = ALIGN (0x4)

.text           0x0800010c     0x3198
                0x0800010c                        . = ALIGN (0x4)
 *(.text)
 .text          0x0800010c       0x40 C:/ST/STM32CubeIDE_1.16.1/STM32CubeIDE/plugins/com.st.stm32cube.ide.mcu.externaltools.gnu-tools-for-stm32.12.3.rel1.win32_1.1.0.202410251130/tools/bin/../lib/gcc/arm-none-eabi/12.3.1/thumb/v7-m/nofp/crtbegin.o
 *(.text*)
 .text.button_run
                0x0800014c      0x1f8 ./Core/Src/button.o
                0x0800014c                button_run
 .text.lcd_send_cmd
                0x08000344       0x60 ./Core/Src/lcd_i2c.o
                0x08000344                lcd_send_cmd
 .text.lcd_send_data
                0x080003a4       0x60 ./Core/Src/lcd_i2c.o
                0x080003a4                lcd_send_data
 .text.lcd_init
                0x08000404       0x5c ./Core/Src/lcd_i2c.o
                0x08000404                lcd_init
 .text.lcd_goto_XY
                0x08000460       0x44 ./Core/Src/lcd_i2c.o
                0x08000460                lcd_goto_XY
 .text.led_run  0x080004a4      0x928 ./Core/Src/led_output.o
                0x080004a4                led_run
 .text.main     0x08000dcc       0x3c ./Core/Src/main.o
                0x08000dcc                main
 .text.SystemClock_Config
                0x08000e08       0x76 ./Core/Src/main.o
                0x08000e08                SystemClock_Config
 *fill*         0x08000e7e        0x2 
 .text.MX_I2C1_Init
                0x08000e80       0x5c ./Core/Src/main.o
 .text.MX_TIM2_Init
                0x08000edc       0x98 ./Core/Src/main.o
 .text.MX_GPIO_Init
                0x08000f74       0xd0 ./Core/Src/main.o
 .text.HAL_TIM_PeriodElapsedCallback
                0x08001044       0x1e ./Core/Src/main.o
                0x08001044                HAL_TIM_PeriodElapsedCallback
 .text.Error_Handler
                0x08001062        0xc ./Core/Src/main.o
                0x08001062                Error_Handler
 *fill*         0x0800106e        0x2 
 .text.timer_set
                0x08001070       0x30 ./Core/Src/software_timer.o
                0x08001070                timer_set
 .text.timer_run
                0x080010a0       0x58 ./Core/Src/software_timer.o
                0x080010a0                timer_run
 .text.HAL_MspInit
                0x080010f8       0x64 ./Core/Src/stm32f1xx_hal_msp.o
                0x080010f8                HAL_MspInit
 .text.HAL_I2C_MspInit
                0x0800115c       0xa0 ./Core/Src/stm32f1xx_hal_msp.o
                0x0800115c                HAL_I2C_MspInit
 .text.HAL_TIM_Base_MspInit
                0x080011fc       0x48 ./Core/Src/stm32f1xx_hal_msp.o
                0x080011fc                HAL_TIM_Base_MspInit
 .text.NMI_Handler
                0x08001244        0x8 ./Core/Src/stm32f1xx_it.o
                0x08001244                NMI_Handler
 .text.HardFault_Handler
                0x0800124c        0x8 ./Core/Src/stm32f1xx_it.o
                0x0800124c                HardFault_Handler
 .text.MemManage_Handler
                0x08001254        0x8 ./Core/Src/stm32f1xx_it.o
                0x08001254                MemManage_Handler
 .text.BusFault_Handler
                0x0800125c        0x8 ./Core/Src/stm32f1xx_it.o
                0x0800125c                BusFault_Handler
 .text.UsageFault_Handler
                0x08001264        0x8 ./Core/Src/stm32f1xx_it.o
                0x08001264                UsageFault_Handler
 .text.SVC_Handler
                0x0800126c        0xc ./Core/Src/stm32f1xx_it.o
                0x0800126c                SVC_Handler
 .text.DebugMon_Handler
                0x08001278        0xc ./Core/Src/stm32f1xx_it.o
                0x08001278                DebugMon_Handler
 .text.PendSV_Handler
                0x08001284        0xc ./Core/Src/stm32f1xx_it.o
                0x08001284                PendSV_Handler
 .text.SysTick_Handler
                0x08001290        0xc ./Core/Src/stm32f1xx_it.o
                0x08001290                SysTick_Handler
 .text.TIM2_IRQHandler
                0x0800129c       0x14 ./Core/Src/stm32f1xx_it.o
                0x0800129c                TIM2_IRQHandler
 .text.SystemInit
                0x080012b0        0xc ./Core/Src/system_stm32f1xx.o
                0x080012b0                SystemInit
 .text.Reset_Handler
                0x080012bc       0x48 ./Core/Startup/startup_stm32f103rbtx.o
                0x080012bc                Reset_Handler
 .text.Default_Handler
                0x08001304        0x2 ./Core/Startup/startup_stm32f103rbtx.o
                0x08001304                RTC_Alarm_IRQHandler
                0x08001304                EXTI2_IRQHandler
                0x08001304                TIM1_CC_IRQHandler
                0x08001304                PVD_IRQHandler
                0x08001304                EXTI3_IRQHandler
                0x08001304                EXTI0_IRQHandler
                0x08001304                I2C2_EV_IRQHandler
                0x08001304                ADC1_2_IRQHandler
                0x08001304                SPI1_IRQHandler
                0x08001304                TAMPER_IRQHandler
                0x08001304                DMA1_Channel4_IRQHandler
                0x08001304                USART3_IRQHandler
                0x08001304                RTC_IRQHandler
                0x08001304                DMA1_Channel7_IRQHandler
                0x08001304                CAN1_RX1_IRQHandler
                0x08001304                TIM4_IRQHandler
                0x08001304                I2C1_EV_IRQHandler
                0x08001304                DMA1_Channel6_IRQHandler
                0x08001304                TIM3_IRQHandler
                0x08001304                RCC_IRQHandler
                0x08001304                TIM1_TRG_COM_IRQHandler
                0x08001304                DMA1_Channel1_IRQHandler
                0x08001304                Default_Handler
                0x08001304                EXTI15_10_IRQHandler
                0x08001304                EXTI9_5_IRQHandler
                0x08001304                SPI2_IRQHandler
                0x08001304                DMA1_Channel5_IRQHandler
                0x08001304                EXTI4_IRQHandler
                0x08001304                USB_LP_CAN1_RX0_IRQHandler
                0x08001304                USB_HP_CAN1_TX_IRQHandler
                0x08001304                DMA1_Channel3_IRQHandler
                0x08001304                TIM1_UP_IRQHandler
                0x08001304                WWDG_IRQHandler
                0x08001304                TIM1_BRK_IRQHandler
                0x08001304                EXTI1_IRQHandler
                0x08001304                USART2_IRQHandler
                0x08001304                I2C2_ER_IRQHandler
                0x08001304                DMA1_Channel2_IRQHandler
                0x08001304                CAN1_SCE_IRQHandler
                0x08001304                FLASH_IRQHandler
                0x08001304                USART1_IRQHandler
                0x08001304                I2C1_ER_IRQHandler
                0x08001304                USBWakeUp_IRQHandler
 *fill*         0x08001306        0x2 
 .text.HAL_Init
                0x08001308       0x2c ./Drivers/STM32F1xx_HAL_Driver/Src/stm32f1xx_hal.o
                0x08001308                HAL_Init
 .text.HAL_InitTick
                0x08001334       0x60 ./Drivers/STM32F1xx_HAL_Driver/Src/stm32f1xx_hal.o
                0x08001334                HAL_InitTick
 .text.HAL_IncTick
                0x08001394       0x24 ./Drivers/STM32F1xx_HAL_Driver/Src/stm32f1xx_hal.o
                0x08001394                HAL_IncTick
 .text.HAL_GetTick
                0x080013b8       0x14 ./Drivers/STM32F1xx_HAL_Driver/Src/stm32f1xx_hal.o
                0x080013b8                HAL_GetTick
 .text.HAL_Delay
                0x080013cc       0x48 ./Drivers/STM32F1xx_HAL_Driver/Src/stm32f1xx_hal.o
                0x080013cc                HAL_Delay
 .text.__NVIC_SetPriorityGrouping
                0x08001414       0x48 ./Drivers/STM32F1xx_HAL_Driver/Src/stm32f1xx_hal_cortex.o
 .text.__NVIC_GetPriorityGrouping
                0x0800145c       0x1c ./Drivers/STM32F1xx_HAL_Driver/Src/stm32f1xx_hal_cortex.o
 .text.__NVIC_EnableIRQ
                0x08001478       0x38 ./Drivers/STM32F1xx_HAL_Driver/Src/stm32f1xx_hal_cortex.o
 .text.__NVIC_SetPriority
                0x080014b0       0x54 ./Drivers/STM32F1xx_HAL_Driver/Src/stm32f1xx_hal_cortex.o
 .text.NVIC_EncodePriority
                0x08001504       0x64 ./Drivers/STM32F1xx_HAL_Driver/Src/stm32f1xx_hal_cortex.o
 .text.SysTick_Config
                0x08001568       0x44 ./Drivers/STM32F1xx_HAL_Driver/Src/stm32f1xx_hal_cortex.o
 .text.HAL_NVIC_SetPriorityGrouping
                0x080015ac       0x16 ./Drivers/STM32F1xx_HAL_Driver/Src/stm32f1xx_hal_cortex.o
                0x080015ac                HAL_NVIC_SetPriorityGrouping
 .text.HAL_NVIC_SetPriority
                0x080015c2       0x38 ./Drivers/STM32F1xx_HAL_Driver/Src/stm32f1xx_hal_cortex.o
                0x080015c2                HAL_NVIC_SetPriority
 .text.HAL_NVIC_EnableIRQ
                0x080015fa       0x1c ./Drivers/STM32F1xx_HAL_Driver/Src/stm32f1xx_hal_cortex.o
                0x080015fa                HAL_NVIC_EnableIRQ
 .text.HAL_SYSTICK_Config
                0x08001616       0x18 ./Drivers/STM32F1xx_HAL_Driver/Src/stm32f1xx_hal_cortex.o
                0x08001616                HAL_SYSTICK_Config
 *fill*         0x0800162e        0x2 
 .text.HAL_GPIO_Init
                0x08001630      0x308 ./Drivers/STM32F1xx_HAL_Driver/Src/stm32f1xx_hal_gpio.o
                0x08001630                HAL_GPIO_Init
 .text.HAL_GPIO_ReadPin
                0x08001938       0x2e ./Drivers/STM32F1xx_HAL_Driver/Src/stm32f1xx_hal_gpio.o
                0x08001938                HAL_GPIO_ReadPin
 .text.HAL_GPIO_WritePin
                0x08001966       0x30 ./Drivers/STM32F1xx_HAL_Driver/Src/stm32f1xx_hal_gpio.o
                0x08001966                HAL_GPIO_WritePin
 .text.HAL_GPIO_TogglePin
                0x08001996       0x32 ./Drivers/STM32F1xx_HAL_Driver/Src/stm32f1xx_hal_gpio.o
                0x08001996                HAL_GPIO_TogglePin
 .text.HAL_I2C_Init
                0x080019c8      0x288 ./Drivers/STM32F1xx_HAL_Driver/Src/stm32f1xx_hal_i2c.o
                0x080019c8                HAL_I2C_Init
 .text.HAL_I2C_Master_Transmit
                0x08001c50      0x1fc ./Drivers/STM32F1xx_HAL_Driver/Src/stm32f1xx_hal_i2c.o
                0x08001c50                HAL_I2C_Master_Transmit
 .text.I2C_MasterRequestWrite
                0x08001e4c      0x104 ./Drivers/STM32F1xx_HAL_Driver/Src/stm32f1xx_hal_i2c.o
 .text.I2C_WaitOnFlagUntilTimeout
                0x08001f50       0xf4 ./Drivers/STM32F1xx_HAL_Driver/Src/stm32f1xx_hal_i2c.o
 .text.I2C_WaitOnMasterAddressFlagUntilTimeout
                0x08002044      0x140 ./Drivers/STM32F1xx_HAL_Driver/Src/stm32f1xx_hal_i2c.o
 .text.I2C_WaitOnTXEFlagUntilTimeout
                0x08002184       0x90 ./Drivers/STM32F1xx_HAL_Driver/Src/stm32f1xx_hal_i2c.o
 .text.I2C_WaitOnBTFFlagUntilTimeout
                0x08002214       0x90 ./Drivers/STM32F1xx_HAL_Driver/Src/stm32f1xx_hal_i2c.o
 .text.I2C_IsAcknowledgeFailed
                0x080022a4       0x5c ./Drivers/STM32F1xx_HAL_Driver/Src/stm32f1xx_hal_i2c.o
 .text.HAL_RCC_OscConfig
                0x08002300      0x504 ./Drivers/STM32F1xx_HAL_Driver/Src/stm32f1xx_hal_rcc.o
                0x08002300                HAL_RCC_OscConfig
 .text.HAL_RCC_ClockConfig
                0x08002804      0x1d4 ./Drivers/STM32F1xx_HAL_Driver/Src/stm32f1xx_hal_rcc.o
                0x08002804                HAL_RCC_ClockConfig
 .text.HAL_RCC_GetSysClockFreq
                0x080029d8       0xa8 ./Drivers/STM32F1xx_HAL_Driver/Src/stm32f1xx_hal_rcc.o
                0x080029d8                HAL_RCC_GetSysClockFreq
 .text.HAL_RCC_GetHCLKFreq
                0x08002a80       0x14 ./Drivers/STM32F1xx_HAL_Driver/Src/stm32f1xx_hal_rcc.o
                0x08002a80                HAL_RCC_GetHCLKFreq
 .text.HAL_RCC_GetPCLK1Freq
                0x08002a94       0x28 ./Drivers/STM32F1xx_HAL_Driver/Src/stm32f1xx_hal_rcc.o
                0x08002a94                HAL_RCC_GetPCLK1Freq
 .text.RCC_Delay
                0x08002abc       0x3c ./Drivers/STM32F1xx_HAL_Driver/Src/stm32f1xx_hal_rcc.o
 .text.HAL_TIM_Base_Init
                0x08002af8       0x9e ./Drivers/STM32F1xx_HAL_Driver/Src/stm32f1xx_hal_tim.o
                0x08002af8                HAL_TIM_Base_Init
 .text.HAL_TIM_IRQHandler
                0x08002b96      0x1e0 ./Drivers/STM32F1xx_HAL_Driver/Src/stm32f1xx_hal_tim.o
                0x08002b96                HAL_TIM_IRQHandler
 .text.HAL_TIM_ConfigClockSource
                0x08002d76      0x18e ./Drivers/STM32F1xx_HAL_Driver/Src/stm32f1xx_hal_tim.o
                0x08002d76                HAL_TIM_ConfigClockSource
 .text.HAL_TIM_OC_DelayElapsedCallback
                0x08002f04       0x12 ./Drivers/STM32F1xx_HAL_Driver/Src/stm32f1xx_hal_tim.o
                0x08002f04                HAL_TIM_OC_DelayElapsedCallback
 .text.HAL_TIM_IC_CaptureCallback
                0x08002f16       0x12 ./Drivers/STM32F1xx_HAL_Driver/Src/stm32f1xx_hal_tim.o
                0x08002f16                HAL_TIM_IC_CaptureCallback
 .text.HAL_TIM_PWM_PulseFinishedCallback
                0x08002f28       0x12 ./Drivers/STM32F1xx_HAL_Driver/Src/stm32f1xx_hal_tim.o
                0x08002f28                HAL_TIM_PWM_PulseFinishedCallback
 .text.HAL_TIM_TriggerCallback
                0x08002f3a       0x12 ./Drivers/STM32F1xx_HAL_Driver/Src/stm32f1xx_hal_tim.o
                0x08002f3a                HAL_TIM_TriggerCallback
 .text.TIM_Base_SetConfig
                0x08002f4c       0xdc ./Drivers/STM32F1xx_HAL_Driver/Src/stm32f1xx_hal_tim.o
                0x08002f4c                TIM_Base_SetConfig
 .text.TIM_TI1_ConfigInputStage
                0x08003028       0x5c ./Drivers/STM32F1xx_HAL_Driver/Src/stm32f1xx_hal_tim.o
 .text.TIM_TI2_ConfigInputStage
                0x08003084       0x5e ./Drivers/STM32F1xx_HAL_Driver/Src/stm32f1xx_hal_tim.o
 .text.TIM_ITRx_SetConfig
                0x080030e2       0x34 ./Drivers/STM32F1xx_HAL_Driver/Src/stm32f1xx_hal_tim.o
 .text.TIM_ETR_SetConfig
                0x08003116       0x3e ./Drivers/STM32F1xx_HAL_Driver/Src/stm32f1xx_hal_tim.o
                0x08003116                TIM_ETR_SetConfig
 .text.HAL_TIMEx_MasterConfigSynchronization
                0x08003154       0xbc ./Drivers/STM32F1xx_HAL_Driver/Src/stm32f1xx_hal_tim_ex.o
                0x08003154                HAL_TIMEx_MasterConfigSynchronization
 .text.HAL_TIMEx_CommutCallback
                0x08003210       0x12 ./Drivers/STM32F1xx_HAL_Driver/Src/stm32f1xx_hal_tim_ex.o
                0x08003210                HAL_TIMEx_CommutCallback
 .text.HAL_TIMEx_BreakCallback
                0x08003222       0x12 ./Drivers/STM32F1xx_HAL_Driver/Src/stm32f1xx_hal_tim_ex.o
                0x08003222                HAL_TIMEx_BreakCallback
 .text.memset   0x08003234       0x10 C:/ST/STM32CubeIDE_1.16.1/STM32CubeIDE/plugins/com.st.stm32cube.ide.mcu.externaltools.gnu-tools-for-stm32.12.3.rel1.win32_1.1.0.202410251130/tools/bin/../lib/gcc/arm-none-eabi/12.3.1/../../../../arm-none-eabi/lib/thumb/v7-m/nofp\libc_nano.a(libc_a-memset.o)
                0x08003234                memset
 .text.__libc_init_array
                0x08003244       0x48 C:/ST/STM32CubeIDE_1.16.1/STM32CubeIDE/plugins/com.st.stm32cube.ide.mcu.externaltools.gnu-tools-for-stm32.12.3.rel1.win32_1.1.0.202410251130/tools/bin/../lib/gcc/arm-none-eabi/12.3.1/../../../../arm-none-eabi/lib/thumb/v7-m/nofp\libc_nano.a(libc_a-init.o)
                0x08003244                __libc_init_array
 *(.glue_7)
 .glue_7        0x0800328c        0x0 linker stubs
 *(.glue_7t)
 .glue_7t       0x0800328c        0x0 linker stubs
 *(.eh_frame)
 .eh_frame      0x0800328c        0x0 C:/ST/STM32CubeIDE_1.16.1/STM32CubeIDE/plugins/com.st.stm32cube.ide.mcu.externaltools.gnu-tools-for-stm32.12.3.rel1.win32_1.1.0.202410251130/tools/bin/../lib/gcc/arm-none-eabi/12.3.1/thumb/v7-m/nofp/crtbegin.o
 *(.init)
 .init          0x0800328c        0x4 C:/ST/STM32CubeIDE_1.16.1/STM32CubeIDE/plugins/com.st.stm32cube.ide.mcu.externaltools.gnu-tools-for-stm32.12.3.rel1.win32_1.1.0.202410251130/tools/bin/../lib/gcc/arm-none-eabi/12.3.1/thumb/v7-m/nofp/crti.o
                0x0800328c                _init
 .init          0x08003290        0x8 C:/ST/STM32CubeIDE_1.16.1/STM32CubeIDE/plugins/com.st.stm32cube.ide.mcu.externaltools.gnu-tools-for-stm32.12.3.rel1.win32_1.1.0.202410251130/tools/bin/../lib/gcc/arm-none-eabi/12.3.1/thumb/v7-m/nofp/crtn.o
 *(.fini)
 .fini          0x08003298        0x4 C:/ST/STM32CubeIDE_1.16.1/STM32CubeIDE/plugins/com.st.stm32cube.ide.mcu.externaltools.gnu-tools-for-stm32.12.3.rel1.win32_1.1.0.202410251130/tools/bin/../lib/gcc/arm-none-eabi/12.3.1/thumb/v7-m/nofp/crti.o
                0x08003298                _fini
 .fini          0x0800329c        0x8 C:/ST/STM32CubeIDE_1.16.1/STM32CubeIDE/plugins/com.st.stm32cube.ide.mcu.externaltools.gnu-tools-for-stm32.12.3.rel1.win32_1.1.0.202410251130/tools/bin/../lib/gcc/arm-none-eabi/12.3.1/thumb/v7-m/nofp/crtn.o
                0x080032a4                        . = ALIGN (0x4)
                0x080032a4                        _etext = .

.vfp11_veneer   0x080032a4        0x0
 .vfp11_veneer  0x080032a4        0x0 linker stubs

.v4_bx          0x080032a4        0x0
 .v4_bx         0x080032a4        0x0 linker stubs

.iplt           0x080032a4        0x0
 .iplt          0x080032a4        0x0 C:/ST/STM32CubeIDE_1.16.1/STM32CubeIDE/plugins/com.st.stm32cube.ide.mcu.externaltools.gnu-tools-for-stm32.12.3.rel1.win32_1.1.0.202410251130/tools/bin/../lib/gcc/arm-none-eabi/12.3.1/thumb/v7-m/nofp/crtbegin.o

.rodata         0x080032a4       0x2c
                0x080032a4                        . = ALIGN (0x4)
 *(.rodata)
 *(.rodata*)
 .rodata.AHBPrescTable
                0x080032a4       0x10 ./Core/Src/system_stm32f1xx.o
                0x080032a4                AHBPrescTable
 .rodata.APBPrescTable
                0x080032b4        0x8 ./Core/Src/system_stm32f1xx.o
                0x080032b4                APBPrescTable
 .rodata.aPLLMULFactorTable.1
                0x080032bc       0x10 ./Drivers/STM32F1xx_HAL_Driver/Src/stm32f1xx_hal_rcc.o
 .rodata.aPredivFactorTable.0
                0x080032cc        0x2 ./Drivers/STM32F1xx_HAL_Driver/Src/stm32f1xx_hal_rcc.o
                0x080032d0                        . = ALIGN (0x4)
 *fill*         0x080032ce        0x2 

.ARM.extab      0x080032d0        0x0
                0x080032d0                        . = ALIGN (0x4)
 *(.ARM.extab* .gnu.linkonce.armextab.*)
                0x080032d0                        . = ALIGN (0x4)

.ARM            0x080032d0        0x0
                0x080032d0                        . = ALIGN (0x4)
                0x080032d0                        __exidx_start = .
 *(.ARM.exidx*)
                0x080032d0                        __exidx_end = .
                0x080032d0                        . = ALIGN (0x4)

.preinit_array  0x080032d0        0x0
                0x080032d0                        . = ALIGN (0x4)
                0x080032d0                        PROVIDE (__preinit_array_start = .)
 *(.preinit_array*)
                0x080032d0                        PROVIDE (__preinit_array_end = .)
                0x080032d0                        . = ALIGN (0x4)

.init_array     0x080032d0        0x4
                0x080032d0                        . = ALIGN (0x4)
                0x080032d0                        PROVIDE (__init_array_start = .)
 *(SORT_BY_NAME(.init_array.*))
 *(.init_array*)
 .init_array    0x080032d0        0x4 C:/ST/STM32CubeIDE_1.16.1/STM32CubeIDE/plugins/com.st.stm32cube.ide.mcu.externaltools.gnu-tools-for-stm32.12.3.rel1.win32_1.1.0.202410251130/tools/bin/../lib/gcc/arm-none-eabi/12.3.1/thumb/v7-m/nofp/crtbegin.o
                0x080032d4                        PROVIDE (__init_array_end = .)
                0x080032d4                        . = ALIGN (0x4)

.fini_array     0x080032d4        0x4
                0x080032d4                        . = ALIGN (0x4)
                [!provide]                        PROVIDE (__fini_array_start = .)
 *(SORT_BY_NAME(.fini_array.*))
 *(.fini_array*)
 .fini_array    0x080032d4        0x4 C:/ST/STM32CubeIDE_1.16.1/STM32CubeIDE/plugins/com.st.stm32cube.ide.mcu.externaltools.gnu-tools-for-stm32.12.3.rel1.win32_1.1.0.202410251130/tools/bin/../lib/gcc/arm-none-eabi/12.3.1/thumb/v7-m/nofp/crtbegin.o
                [!provide]                        PROVIDE (__fini_array_end = .)
                0x080032d8                        . = ALIGN (0x4)
                0x080032d8                        _sidata = LOADADDR (.data)

.rel.dyn        0x080032d8        0x0
 .rel.iplt      0x080032d8        0x0 C:/ST/STM32CubeIDE_1.16.1/STM32CubeIDE/plugins/com.st.stm32cube.ide.mcu.externaltools.gnu-tools-for-stm32.12.3.rel1.win32_1.1.0.202410251130/tools/bin/../lib/gcc/arm-none-eabi/12.3.1/thumb/v7-m/nofp/crtbegin.o

.data           0x20000000       0x50 load address 0x080032d8
                0x20000000                        . = ALIGN (0x4)
                0x20000000                        _sdata = .
 *(.data)
 *(.data*)
 .data.button_debounce
                0x20000000        0x9 ./Core/Src/button.o
                0x20000000                button_debounce
 *fill*         0x20000009        0x3 
 .data.button_buffer
                0x2000000c        0x6 ./Core/Src/button.o
                0x2000000c                button_buffer
 *fill*         0x20000012        0x2 
 .data.hold_counter
                0x20000014        0xc ./Core/Src/button.o
                0x20000014                hold_counter
 .data.hold_counter_automatic
                0x20000020        0xc ./Core/Src/button.o
                0x20000020                hold_counter_automatic
 .data.g_time   0x2000002c        0x4 ./Core/Src/led_output.o
                0x2000002c                g_time
 .data.y_time   0x20000030        0x4 ./Core/Src/led_output.o
                0x20000030                y_time
 .data.reset_signal
                0x20000034        0x4 ./Core/Src/led_output.o
                0x20000034                reset_signal
 .data.digit_buffer
                0x20000038        0x4 ./Core/Src/led_output.o
                0x20000038                digit_buffer
 .data.timer_counter
                0x2000003c        0x8 ./Core/Src/software_timer.o
                0x2000003c                timer_counter
 .data.SystemCoreClock
                0x20000044        0x4 ./Core/Src/system_stm32f1xx.o
                0x20000044                SystemCoreClock
 .data.uwTickPrio
                0x20000048        0x4 ./Drivers/STM32F1xx_HAL_Driver/Src/stm32f1xx_hal.o
                0x20000048                uwTickPrio
 .data.uwTickFreq
                0x2000004c        0x1 ./Drivers/STM32F1xx_HAL_Driver/Src/stm32f1xx_hal.o
                0x2000004c                uwTickFreq
 *(.RamFunc)
 *(.RamFunc*)
                0x20000050                        . = ALIGN (0x4)
 *fill*         0x2000004d        0x3 
                0x20000050                        _edata = .

.igot.plt       0x20000050        0x0 load address 0x08003328
 .igot.plt      0x20000050        0x0 C:/ST/STM32CubeIDE_1.16.1/STM32CubeIDE/plugins/com.st.stm32cube.ide.mcu.externaltools.gnu-tools-for-stm32.12.3.rel1.win32_1.1.0.202410251130/tools/bin/../lib/gcc/arm-none-eabi/12.3.1/thumb/v7-m/nofp/crtbegin.o
                0x20000050                        . = ALIGN (0x4)

.bss            0x20000050       0xe0 load address 0x08003328
                0x20000050                        _sbss = .
                0x20000050                        __bss_start__ = _sbss
 *(.bss)
 .bss           0x20000050       0x1c C:/ST/STM32CubeIDE_1.16.1/STM32CubeIDE/plugins/com.st.stm32cube.ide.mcu.externaltools.gnu-tools-for-stm32.12.3.rel1.win32_1.1.0.202410251130/tools/bin/../lib/gcc/arm-none-eabi/12.3.1/thumb/v7-m/nofp/crtbegin.o
 *(.bss*)
 .bss.button_flag
                0x2000006c        0xc ./Core/Src/button.o
                0x2000006c                button_flag
 .bss.g_counter
                0x20000078        0x4 ./Core/Src/led_output.o
                0x20000078                g_counter
 .bss.y_counter
                0x2000007c        0x4 ./Core/Src/led_output.o
                0x2000007c                y_counter
 .bss.status_mode
                0x20000080        0x4 ./Core/Src/led_output.o
                0x20000080                status_mode
 .bss.status_mode_0
                0x20000084        0x4 ./Core/Src/led_output.o
                0x20000084                status_mode_0
 .bss.hi2c1     0x20000088       0x54 ./Core/Src/main.o
                0x20000088                hi2c1
 .bss.htim2     0x200000dc       0x48 ./Core/Src/main.o
                0x200000dc                htim2
 .bss.timer_flag
                0x20000124        0x8 ./Core/Src/software_timer.o
                0x20000124                timer_flag
 .bss.uwTick    0x2000012c        0x4 ./Drivers/STM32F1xx_HAL_Driver/Src/stm32f1xx_hal.o
                0x2000012c                uwTick
 *(COMMON)
                0x20000130                        . = ALIGN (0x4)
                0x20000130                        _ebss = .
                0x20000130                        __bss_end__ = _ebss

._user_heap_stack
                0x20000130      0x600 load address 0x08003328
                0x20000130                        . = ALIGN (0x8)
                [!provide]                        PROVIDE (end = .)
                0x20000130                        PROVIDE (_end = .)
                0x20000330                        . = (. + _Min_Heap_Size)
 *fill*         0x20000130      0x200 
                0x20000730                        . = (. + _Min_Stack_Size)
 *fill*         0x20000330      0x400 
                0x20000730                        . = ALIGN (0x8)

/DISCARD/
 libc.a(*)
 libm.a(*)
 libgcc.a(*)

.ARM.attributes
                0x00000000       0x29
 *(.ARM.attributes)
 .ARM.attributes
                0x00000000       0x1d C:/ST/STM32CubeIDE_1.16.1/STM32CubeIDE/plugins/com.st.stm32cube.ide.mcu.externaltools.gnu-tools-for-stm32.12.3.rel1.win32_1.1.0.202410251130/tools/bin/../lib/gcc/arm-none-eabi/12.3.1/thumb/v7-m/nofp/crti.o
 .ARM.attributes
                0x0000001d       0x2d C:/ST/STM32CubeIDE_1.16.1/STM32CubeIDE/plugins/com.st.stm32cube.ide.mcu.externaltools.gnu-tools-for-stm32.12.3.rel1.win32_1.1.0.202410251130/tools/bin/../lib/gcc/arm-none-eabi/12.3.1/thumb/v7-m/nofp/crtbegin.o
 .ARM.attributes
                0x0000004a       0x2d ./Core/Src/button.o
 .ARM.attributes
                0x00000077       0x2d ./Core/Src/lcd_i2c.o
 .ARM.attributes
                0x000000a4       0x2d ./Core/Src/led_output.o
 .ARM.attributes
                0x000000d1       0x2d ./Core/Src/main.o
 .ARM.attributes
                0x000000fe       0x2d ./Core/Src/software_timer.o
 .ARM.attributes
                0x0000012b       0x2d ./Core/Src/stm32f1xx_hal_msp.o
 .ARM.attributes
                0x00000158       0x2d ./Core/Src/stm32f1xx_it.o
 .ARM.attributes
                0x00000185       0x2d ./Core/Src/system_stm32f1xx.o
 .ARM.attributes
                0x000001b2       0x21 ./Core/Startup/startup_stm32f103rbtx.o
 .ARM.attributes
                0x000001d3       0x2d ./Drivers/STM32F1xx_HAL_Driver/Src/stm32f1xx_hal.o
 .ARM.attributes
                0x00000200       0x2d ./Drivers/STM32F1xx_HAL_Driver/Src/stm32f1xx_hal_cortex.o
 .ARM.attributes
                0x0000022d       0x2d ./Drivers/STM32F1xx_HAL_Driver/Src/stm32f1xx_hal_gpio.o
 .ARM.attributes
                0x0000025a       0x2d ./Drivers/STM32F1xx_HAL_Driver/Src/stm32f1xx_hal_i2c.o
 .ARM.attributes
                0x00000287       0x2d ./Drivers/STM32F1xx_HAL_Driver/Src/stm32f1xx_hal_rcc.o
 .ARM.attributes
                0x000002b4       0x2d ./Drivers/STM32F1xx_HAL_Driver/Src/stm32f1xx_hal_tim.o
 .ARM.attributes
                0x000002e1       0x2d ./Drivers/STM32F1xx_HAL_Driver/Src/stm32f1xx_hal_tim_ex.o
 .ARM.attributes
                0x0000030e       0x2d C:/ST/STM32CubeIDE_1.16.1/STM32CubeIDE/plugins/com.st.stm32cube.ide.mcu.externaltools.gnu-tools-for-stm32.12.3.rel1.win32_1.1.0.202410251130/tools/bin/../lib/gcc/arm-none-eabi/12.3.1/../../../../arm-none-eabi/lib/thumb/v7-m/nofp\libc_nano.a(libc_a-memset.o)
 .ARM.attributes
                0x0000033b       0x2d C:/ST/STM32CubeIDE_1.16.1/STM32CubeIDE/plugins/com.st.stm32cube.ide.mcu.externaltools.gnu-tools-for-stm32.12.3.rel1.win32_1.1.0.202410251130/tools/bin/../lib/gcc/arm-none-eabi/12.3.1/../../../../arm-none-eabi/lib/thumb/v7-m/nofp\libc_nano.a(libc_a-init.o)
 .ARM.attributes
                0x00000368       0x1d C:/ST/STM32CubeIDE_1.16.1/STM32CubeIDE/plugins/com.st.stm32cube.ide.mcu.externaltools.gnu-tools-for-stm32.12.3.rel1.win32_1.1.0.202410251130/tools/bin/../lib/gcc/arm-none-eabi/12.3.1/thumb/v7-m/nofp/crtn.o
OUTPUT(BTL.elf elf32-littlearm)
LOAD linker stubs
LOAD C:/ST/STM32CubeIDE_1.16.1/STM32CubeIDE/plugins/com.st.stm32cube.ide.mcu.externaltools.gnu-tools-for-stm32.12.3.rel1.win32_1.1.0.202410251130/tools/bin/../lib/gcc/arm-none-eabi/12.3.1/../../../../arm-none-eabi/lib/thumb/v7-m/nofp\libc.a
LOAD C:/ST/STM32CubeIDE_1.16.1/STM32CubeIDE/plugins/com.st.stm32cube.ide.mcu.externaltools.gnu-tools-for-stm32.12.3.rel1.win32_1.1.0.202410251130/tools/bin/../lib/gcc/arm-none-eabi/12.3.1/../../../../arm-none-eabi/lib/thumb/v7-m/nofp\libm.a
LOAD C:/ST/STM32CubeIDE_1.16.1/STM32CubeIDE/plugins/com.st.stm32cube.ide.mcu.externaltools.gnu-tools-for-stm32.12.3.rel1.win32_1.1.0.202410251130/tools/bin/../lib/gcc/arm-none-eabi/12.3.1/thumb/v7-m/nofp\libgcc.a

.debug_info     0x00000000     0xb42d
 .debug_info    0x00000000      0x264 ./Core/Src/button.o
 .debug_info    0x00000264      0x721 ./Core/Src/lcd_i2c.o
 .debug_info    0x00000985      0x286 ./Core/Src/led_output.o
 .debug_info    0x00000c0b      0xeaf ./Core/Src/main.o
 .debug_info    0x00001aba       0xc4 ./Core/Src/software_timer.o
 .debug_info    0x00001b7e      0xd99 ./Core/Src/stm32f1xx_hal_msp.o
 .debug_info    0x00002917      0x6a1 ./Core/Src/stm32f1xx_it.o
 .debug_info    0x00002fb8      0x222 ./Core/Src/system_stm32f1xx.o
 .debug_info    0x000031da       0x30 ./Core/Startup/startup_stm32f103rbtx.o
 .debug_info    0x0000320a      0x704 ./Drivers/STM32F1xx_HAL_Driver/Src/stm32f1xx_hal.o
 .debug_info    0x0000390e      0xa87 ./Drivers/STM32F1xx_HAL_Driver/Src/stm32f1xx_hal_cortex.o
 .debug_info    0x00004395      0x5ab ./Drivers/STM32F1xx_HAL_Driver/Src/stm32f1xx_hal_gpio.o
 .debug_info    0x00004940     0x2524 ./Drivers/STM32F1xx_HAL_Driver/Src/stm32f1xx_hal_i2c.o
 .debug_info    0x00006e64      0x7d5 ./Drivers/STM32F1xx_HAL_Driver/Src/stm32f1xx_hal_rcc.o
 .debug_info    0x00007639     0x2959 ./Drivers/STM32F1xx_HAL_Driver/Src/stm32f1xx_hal_tim.o
 .debug_info    0x00009f92     0x149b ./Drivers/STM32F1xx_HAL_Driver/Src/stm32f1xx_hal_tim_ex.o

.debug_abbrev   0x00000000     0x1d87
 .debug_abbrev  0x00000000      0x13d ./Core/Src/button.o
 .debug_abbrev  0x0000013d      0x1d1 ./Core/Src/lcd_i2c.o
 .debug_abbrev  0x0000030e      0x11e ./Core/Src/led_output.o
 .debug_abbrev  0x0000042c      0x2ce ./Core/Src/main.o
 .debug_abbrev  0x000006fa       0xb2 ./Core/Src/software_timer.o
 .debug_abbrev  0x000007ac      0x1d5 ./Core/Src/stm32f1xx_hal_msp.o
 .debug_abbrev  0x00000981      0x191 ./Core/Src/stm32f1xx_it.o
 .debug_abbrev  0x00000b12      0x13f ./Core/Src/system_stm32f1xx.o
 .debug_abbrev  0x00000c51       0x24 ./Core/Startup/startup_stm32f103rbtx.o
 .debug_abbrev  0x00000c75      0x201 ./Drivers/STM32F1xx_HAL_Driver/Src/stm32f1xx_hal.o
 .debug_abbrev  0x00000e76      0x2f8 ./Drivers/STM32F1xx_HAL_Driver/Src/stm32f1xx_hal_cortex.o
 .debug_abbrev  0x0000116e      0x1ca ./Drivers/STM32F1xx_HAL_Driver/Src/stm32f1xx_hal_gpio.o
 .debug_abbrev  0x00001338      0x2a3 ./Drivers/STM32F1xx_HAL_Driver/Src/stm32f1xx_hal_i2c.o
 .debug_abbrev  0x000015db      0x2b3 ./Drivers/STM32F1xx_HAL_Driver/Src/stm32f1xx_hal_rcc.o
 .debug_abbrev  0x0000188e      0x277 ./Drivers/STM32F1xx_HAL_Driver/Src/stm32f1xx_hal_tim.o
 .debug_abbrev  0x00001b05      0x282 ./Drivers/STM32F1xx_HAL_Driver/Src/stm32f1xx_hal_tim_ex.o

.debug_aranges  0x00000000      0xca0
 .debug_aranges
                0x00000000       0x20 ./Core/Src/button.o
 .debug_aranges
                0x00000020       0x48 ./Core/Src/lcd_i2c.o
 .debug_aranges
                0x00000068       0x20 ./Core/Src/led_output.o
 .debug_aranges
                0x00000088       0x50 ./Core/Src/main.o
 .debug_aranges
                0x000000d8       0x28 ./Core/Src/software_timer.o
 .debug_aranges
                0x00000100       0x40 ./Core/Src/stm32f1xx_hal_msp.o
 .debug_aranges
                0x00000140       0x68 ./Core/Src/stm32f1xx_it.o
 .debug_aranges
                0x000001a8       0x28 ./Core/Src/system_stm32f1xx.o
 .debug_aranges
                0x000001d0       0x28 ./Core/Startup/startup_stm32f103rbtx.o
 .debug_aranges
                0x000001f8       0xe0 ./Drivers/STM32F1xx_HAL_Driver/Src/stm32f1xx_hal.o
 .debug_aranges
                0x000002d8      0x100 ./Drivers/STM32F1xx_HAL_Driver/Src/stm32f1xx_hal_cortex.o
 .debug_aranges
                0x000003d8       0x58 ./Drivers/STM32F1xx_HAL_Driver/Src/stm32f1xx_hal_gpio.o
 .debug_aranges
                0x00000430      0x2a8 ./Drivers/STM32F1xx_HAL_Driver/Src/stm32f1xx_hal_i2c.o
 .debug_aranges
                0x000006d8       0x90 ./Drivers/STM32F1xx_HAL_Driver/Src/stm32f1xx_hal_rcc.o
 .debug_aranges
                0x00000768      0x3d0 ./Drivers/STM32F1xx_HAL_Driver/Src/stm32f1xx_hal_tim.o
 .debug_aranges
                0x00000b38      0x168 ./Drivers/STM32F1xx_HAL_Driver/Src/stm32f1xx_hal_tim_ex.o

.debug_rnglists
                0x00000000      0x9d7
 .debug_rnglists
                0x00000000       0x14 ./Core/Src/button.o
 .debug_rnglists
                0x00000014       0x31 ./Core/Src/lcd_i2c.o
 .debug_rnglists
                0x00000045       0x14 ./Core/Src/led_output.o
 .debug_rnglists
                0x00000059       0x39 ./Core/Src/main.o
 .debug_rnglists
                0x00000092       0x19 ./Core/Src/software_timer.o
 .debug_rnglists
                0x000000ab       0x2c ./Core/Src/stm32f1xx_hal_msp.o
 .debug_rnglists
                0x000000d7       0x49 ./Core/Src/stm32f1xx_it.o
 .debug_rnglists
                0x00000120       0x1a ./Core/Src/system_stm32f1xx.o
 .debug_rnglists
                0x0000013a       0x19 ./Core/Startup/startup_stm32f103rbtx.o
 .debug_rnglists
                0x00000153       0xa3 ./Drivers/STM32F1xx_HAL_Driver/Src/stm32f1xx_hal.o
 .debug_rnglists
                0x000001f6       0xbb ./Drivers/STM32F1xx_HAL_Driver/Src/stm32f1xx_hal_cortex.o
 .debug_rnglists
                0x000002b1       0x3f ./Drivers/STM32F1xx_HAL_Driver/Src/stm32f1xx_hal_gpio.o
 .debug_rnglists
                0x000002f0      0x23c ./Drivers/STM32F1xx_HAL_Driver/Src/stm32f1xx_hal_i2c.o
 .debug_rnglists
                0x0000052c       0x6c ./Drivers/STM32F1xx_HAL_Driver/Src/stm32f1xx_hal_rcc.o
 .debug_rnglists
                0x00000598      0x31a ./Drivers/STM32F1xx_HAL_Driver/Src/stm32f1xx_hal_tim.o
 .debug_rnglists
                0x000008b2      0x125 ./Drivers/STM32F1xx_HAL_Driver/Src/stm32f1xx_hal_tim_ex.o

.debug_macro    0x00000000    0x170dc
 .debug_macro   0x00000000      0x1d6 ./Core/Src/button.o
 .debug_macro   0x000001d6      0xaa8 ./Core/Src/button.o
 .debug_macro   0x00000c7e      0x21b ./Core/Src/button.o
 .debug_macro   0x00000e99       0x2e ./Core/Src/button.o
 .debug_macro   0x00000ec7       0x22 ./Core/Src/button.o
 .debug_macro   0x00000ee9       0x22 ./Core/Src/button.o
 .debug_macro   0x00000f0b       0x8e ./Core/Src/button.o
 .debug_macro   0x00000f99       0x51 ./Core/Src/button.o
 .debug_macro   0x00000fea      0x103 ./Core/Src/button.o
 .debug_macro   0x000010ed       0x6a ./Core/Src/button.o
 .debug_macro   0x00001157      0x1df ./Core/Src/button.o
 .debug_macro   0x00001336       0x1c ./Core/Src/button.o
 .debug_macro   0x00001352       0x22 ./Core/Src/button.o
 .debug_macro   0x00001374       0xbd ./Core/Src/button.o
 .debug_macro   0x00001431      0xd23 ./Core/Src/button.o
 .debug_macro   0x00002154     0xe09e ./Core/Src/button.o
 .debug_macro   0x000101f2       0x6d ./Core/Src/button.o
 .debug_macro   0x0001025f     0x34a2 ./Core/Src/button.o
 .debug_macro   0x00013701      0x189 ./Core/Src/button.o
 .debug_macro   0x0001388a       0x5c ./Core/Src/button.o
 .debug_macro   0x000138e6      0x5bc ./Core/Src/button.o
 .debug_macro   0x00013ea2      0x289 ./Core/Src/button.o
 .debug_macro   0x0001412b      0x1cb ./Core/Src/button.o
 .debug_macro   0x000142f6      0x114 ./Core/Src/button.o
 .debug_macro   0x0001440a      0x1b2 ./Core/Src/button.o
 .debug_macro   0x000145bc       0x27 ./Core/Src/button.o
 .debug_macro   0x000145e3      0x136 ./Core/Src/button.o
 .debug_macro   0x00014719      0x1bc ./Core/Src/button.o
 .debug_macro   0x000148d5       0x34 ./Core/Src/button.o
 .debug_macro   0x00014909       0x3c ./Core/Src/button.o
 .debug_macro   0x00014945       0x57 ./Core/Src/button.o
 .debug_macro   0x0001499c       0x87 ./Core/Src/button.o
 .debug_macro   0x00014a23      0x240 ./Core/Src/button.o
 .debug_macro   0x00014c63      0x287 ./Core/Src/button.o
 .debug_macro   0x00014eea      0x140 ./Core/Src/button.o
 .debug_macro   0x0001502a      0x8ed ./Core/Src/button.o
 .debug_macro   0x00015917       0x83 ./Core/Src/button.o
 .debug_macro   0x0001599a       0x58 ./Core/Src/button.o
 .debug_macro   0x000159f2      0x1b3 ./Core/Src/lcd_i2c.o
 .debug_macro   0x00015ba5      0x1d0 ./Core/Src/led_output.o
 .debug_macro   0x00015d75      0x1da ./Core/Src/main.o
 .debug_macro   0x00015f4f       0x17 ./Core/Src/software_timer.o
 .debug_macro   0x00015f66      0x1b2 ./Core/Src/stm32f1xx_hal_msp.o
 .debug_macro   0x00016118      0x1bc ./Core/Src/stm32f1xx_it.o
 .debug_macro   0x000162d4      0x1a3 ./Core/Src/system_stm32f1xx.o
 .debug_macro   0x00016477      0x1c7 ./Drivers/STM32F1xx_HAL_Driver/Src/stm32f1xx_hal.o
 .debug_macro   0x0001663e      0x1a3 ./Drivers/STM32F1xx_HAL_Driver/Src/stm32f1xx_hal_cortex.o
 .debug_macro   0x000167e1      0x20e ./Drivers/STM32F1xx_HAL_Driver/Src/stm32f1xx_hal_gpio.o
 .debug_macro   0x000169ef      0x1f1 ./Drivers/STM32F1xx_HAL_Driver/Src/stm32f1xx_hal_i2c.o
 .debug_macro   0x00016be0      0x1b5 ./Drivers/STM32F1xx_HAL_Driver/Src/stm32f1xx_hal_rcc.o
 .debug_macro   0x00016d95      0x1a4 ./Drivers/STM32F1xx_HAL_Driver/Src/stm32f1xx_hal_tim.o
 .debug_macro   0x00016f39      0x1a3 ./Drivers/STM32F1xx_HAL_Driver/Src/stm32f1xx_hal_tim_ex.o

.debug_line     0x00000000     0xf0d5
 .debug_line    0x00000000      0x7b1 ./Core/Src/button.o
 .debug_line    0x000007b1      0x7b8 ./Core/Src/lcd_i2c.o
 .debug_line    0x00000f69      0x9d1 ./Core/Src/led_output.o
 .debug_line    0x0000193a      0x893 ./Core/Src/main.o
 .debug_line    0x000021cd       0x8e ./Core/Src/software_timer.o
 .debug_line    0x0000225b      0x782 ./Core/Src/stm32f1xx_hal_msp.o
 .debug_line    0x000029dd      0x7d6 ./Core/Src/stm32f1xx_it.o
 .debug_line    0x000031b3      0x77a ./Core/Src/system_stm32f1xx.o
 .debug_line    0x0000392d       0x78 ./Core/Startup/startup_stm32f103rbtx.o
 .debug_line    0x000039a5      0x9a7 ./Drivers/STM32F1xx_HAL_Driver/Src/stm32f1xx_hal.o
 .debug_line    0x0000434c      0xb93 ./Drivers/STM32F1xx_HAL_Driver/Src/stm32f1xx_hal_cortex.o
 .debug_line    0x00004edf      0xa40 ./Drivers/STM32F1xx_HAL_Driver/Src/stm32f1xx_hal_gpio.o
 .debug_line    0x0000591f     0x3c44 ./Drivers/STM32F1xx_HAL_Driver/Src/stm32f1xx_hal_i2c.o
 .debug_line    0x00009563      0xdb0 ./Drivers/STM32F1xx_HAL_Driver/Src/stm32f1xx_hal_rcc.o
 .debug_line    0x0000a313     0x34cc ./Drivers/STM32F1xx_HAL_Driver/Src/stm32f1xx_hal_tim.o
 .debug_line    0x0000d7df     0x18f6 ./Drivers/STM32F1xx_HAL_Driver/Src/stm32f1xx_hal_tim_ex.o

.debug_str      0x00000000    0x86c42
 .debug_str     0x00000000    0x8322a ./Core/Src/button.o
                              0x8356d (size before relaxing)
 .debug_str     0x0008322a      0x504 ./Core/Src/lcd_i2c.o
                              0x8387d (size before relaxing)
 .debug_str     0x0008372e       0xd7 ./Core/Src/led_output.o
                              0x83564 (size before relaxing)
 .debug_str     0x00083805      0x5d2 ./Core/Src/main.o
                              0x83fce (size before relaxing)
 .debug_str     0x00083dd7       0x45 ./Core/Src/software_timer.o
                               0x2e11 (size before relaxing)
 .debug_str     0x00083e1c      0x371 ./Core/Src/stm32f1xx_hal_msp.o
                              0x83fd4 (size before relaxing)
 .debug_str     0x0008418d       0xec ./Core/Src/stm32f1xx_it.o
                              0x839a8 (size before relaxing)
 .debug_str     0x00084279       0x7e ./Core/Src/system_stm32f1xx.o
                              0x833bb (size before relaxing)
 .debug_str     0x000842f7       0x44 ./Core/Startup/startup_stm32f103rbtx.o
                                 0x80 (size before relaxing)
 .debug_str     0x0008433b      0x384 ./Drivers/STM32F1xx_HAL_Driver/Src/stm32f1xx_hal.o
                              0x83aee (size before relaxing)
 .debug_str     0x000846bf      0x294 ./Drivers/STM32F1xx_HAL_Driver/Src/stm32f1xx_hal_cortex.o
                              0x83a3a (size before relaxing)
 .debug_str     0x00084953      0x2c2 ./Drivers/STM32F1xx_HAL_Driver/Src/stm32f1xx_hal_gpio.o
                              0x83741 (size before relaxing)
 .debug_str     0x00084c15      0xbc3 ./Drivers/STM32F1xx_HAL_Driver/Src/stm32f1xx_hal_i2c.o
                              0x84482 (size before relaxing)
 .debug_str     0x000857d8      0x209 ./Drivers/STM32F1xx_HAL_Driver/Src/stm32f1xx_hal_rcc.o
                              0x837ea (size before relaxing)
 .debug_str     0x000859e1      0xdce ./Drivers/STM32F1xx_HAL_Driver/Src/stm32f1xx_hal_tim.o
                              0x847ec (size before relaxing)
 .debug_str     0x000867af      0x493 ./Drivers/STM32F1xx_HAL_Driver/Src/stm32f1xx_hal_tim_ex.o
                              0x83ff8 (size before relaxing)

.comment        0x00000000       0x43
 .comment       0x00000000       0x43 ./Core/Src/button.o
                                 0x44 (size before relaxing)
 .comment       0x00000043       0x44 ./Core/Src/lcd_i2c.o
 .comment       0x00000043       0x44 ./Core/Src/led_output.o
 .comment       0x00000043       0x44 ./Core/Src/main.o
 .comment       0x00000043       0x44 ./Core/Src/software_timer.o
 .comment       0x00000043       0x44 ./Core/Src/stm32f1xx_hal_msp.o
 .comment       0x00000043       0x44 ./Core/Src/stm32f1xx_it.o
 .comment       0x00000043       0x44 ./Core/Src/system_stm32f1xx.o
 .comment       0x00000043       0x44 ./Drivers/STM32F1xx_HAL_Driver/Src/stm32f1xx_hal.o
 .comment       0x00000043       0x44 ./Drivers/STM32F1xx_HAL_Driver/Src/stm32f1xx_hal_cortex.o
 .comment       0x00000043       0x44 ./Drivers/STM32F1xx_HAL_Driver/Src/stm32f1xx_hal_gpio.o
 .comment       0x00000043       0x44 ./Drivers/STM32F1xx_HAL_Driver/Src/stm32f1xx_hal_i2c.o
 .comment       0x00000043       0x44 ./Drivers/STM32F1xx_HAL_Driver/Src/stm32f1xx_hal_rcc.o
 .comment       0x00000043       0x44 ./Drivers/STM32F1xx_HAL_Driver/Src/stm32f1xx_hal_tim.o
 .comment       0x00000043       0x44 ./Drivers/STM32F1xx_HAL_Driver/Src/stm32f1xx_hal_tim_ex.o

.debug_frame    0x00000000     0x344c
 .debug_frame   0x00000000       0x38 ./Core/Src/button.o
 .debug_frame   0x00000038       0xd8 ./Core/Src/lcd_i2c.o
 .debug_frame   0x00000110       0x2c ./Core/Src/led_output.o
 .debug_frame   0x0000013c       0xf0 ./Core/Src/main.o
 .debug_frame   0x0000022c       0x60 ./Core/Src/software_timer.o
 .debug_frame   0x0000028c       0xc8 ./Core/Src/stm32f1xx_hal_msp.o
 .debug_frame   0x00000354      0x120 ./Core/Src/stm32f1xx_it.o
 .debug_frame   0x00000474       0x58 ./Core/Src/system_stm32f1xx.o
 .debug_frame   0x000004cc      0x334 ./Drivers/STM32F1xx_HAL_Driver/Src/stm32f1xx_hal.o
 .debug_frame   0x00000800      0x428 ./Drivers/STM32F1xx_HAL_Driver/Src/stm32f1xx_hal_cortex.o
 .debug_frame   0x00000c28      0x14c ./Drivers/STM32F1xx_HAL_Driver/Src/stm32f1xx_hal_gpio.o
 .debug_frame   0x00000d74      0xc84 ./Drivers/STM32F1xx_HAL_Driver/Src/stm32f1xx_hal_i2c.o
 .debug_frame   0x000019f8      0x218 ./Drivers/STM32F1xx_HAL_Driver/Src/stm32f1xx_hal_rcc.o
 .debug_frame   0x00001c10     0x11b8 ./Drivers/STM32F1xx_HAL_Driver/Src/stm32f1xx_hal_tim.o
 .debug_frame   0x00002dc8      0x638 ./Drivers/STM32F1xx_HAL_Driver/Src/stm32f1xx_hal_tim_ex.o
 .debug_frame   0x00003400       0x20 C:/ST/STM32CubeIDE_1.16.1/STM32CubeIDE/plugins/com.st.stm32cube.ide.mcu.externaltools.gnu-tools-for-stm32.12.3.rel1.win32_1.1.0.202410251130/tools/bin/../lib/gcc/arm-none-eabi/12.3.1/../../../../arm-none-eabi/lib/thumb/v7-m/nofp\libc_nano.a(libc_a-memset.o)
 .debug_frame   0x00003420       0x2c C:/ST/STM32CubeIDE_1.16.1/STM32CubeIDE/plugins/com.st.stm32cube.ide.mcu.externaltools.gnu-tools-for-stm32.12.3.rel1.win32_1.1.0.202410251130/tools/bin/../lib/gcc/arm-none-eabi/12.3.1/../../../../arm-none-eabi/lib/thumb/v7-m/nofp\libc_nano.a(libc_a-init.o)

.debug_line_str
                0x00000000       0x64
 .debug_line_str
                0x00000000       0x64 ./Core/Startup/startup_stm32f103rbtx.o
